I'm sorry, but errors were detected in your script. Please correct the
errors listed below, and try again.


File "game/script.rpy", line 167: end of line expected.
    with open("save.json", "w", encoding="utf-8") as file:
                                                  ^

Ren'Py Version: Ren'Py 8.1.3.23091805
Thu Nov  9 16:19:02 2023
